
> project-alpha@ test C:\Users\Admin\Documents\coding-project\project-alpha-master\project-alpha-master
> vitest run "--run"

pnpm : [1m[43m DEPRECATED 
[49m[22m 
[33m"environmentMatchGlobs" 
is deprecated. Use 
`test.projects` to define 
different configurations 
instead.[39m
At line:1 char:1
+ pnpm test --run 2>&1 | 
Out-File -Encoding utf8 
test-result.txt; Get-C ...
+ ~~~~~~~~~~~~~~~~~~~~
    + CategoryInfo           
   : NotSpecified: ([1m[4  
  3m DEPRE...s instead.[3   
 9m:String) [], RemoteExc    
eption
    + FullyQualifiedErrorId  
   : NativeCommandError
 

[1m[46m RUN [49m[22m [36mv3.2.4 [39m[90mC:/Users/Admin/Documents/coding-project/project-alpha-master/project-alpha-master[39m

[90mstdout[2m | src/lib/webcontainer/__tests__/manager.test.ts[2m > [22m[2mWebContainer Manager[2m > [22m[2mboot()[2m > [22m[2mshould boot WebContainer and return instance
[22m[39m[WebContainer] Booting...

[90mstdout[2m | src/lib/webcontainer/__tests__/manager.test.ts[2m > [22m[2mWebContainer Manager[2m > [22m[2mboot()[2m > [22m[2mshould boot WebContainer and return instance
[22m[39m[WebContainer] Booted successfully in 2ms

[90mstdout[2m | src/lib/webcontainer/__tests__/manager.test.ts[2m > [22m[2mWebContainer Manager[2m > [22m[2mboot()[2m > [22m[2mshould return same instance on multiple calls (singleton)
[22m[39m[WebContainer] Booting...

[90mstdout[2m | src/lib/webcontainer/__tests__/manager.test.ts[2m > [22m[2mWebContainer Manager[2m > [22m[2mboot()[2m > [22m[2mshould return same instance on multiple calls (singleton)
[22m[39m[WebContainer] Booted successfully in 0ms

[90mstdout[2m | src/lib/webcontainer/__tests__/manager.test.ts[2m > [22m[2mWebContainer Manager[2m > [22m[2mboot()[2m > [22m[2mshould throw WebContainerError on boot failure
[22m[39m[WebContainer] Booting...

[90mstdout[2m | src/lib/webcontainer/__tests__/manager.test.ts[2m > [22m[2mWebContainer Manager[2m > [22m[2mboot()[2m > [22m[2mshould throw WebContainerError on boot failure
[22m[39m[WebContainer] Booting...

[90mstdout[2m | src/lib/webcontainer/__tests__/manager.test.ts[2m > [22m[2mWebContainer Manager[2m > [22m[2mmount()[2m > [22m[2mshould mount files when booted
[22m[39m[WebContainer] Booting...

[90mstdout[2m | src/lib/webcontainer/__tests__/manager.test.ts[2m > [22m[2mWebContainer Manager[2m > [22m[2mmount()[2m > [22m[2mshould mount files when booted
[22m[39m[WebContainer] Booted successfully in 1ms

[90mstdout[2m | src/lib/webcontainer/__tests__/manager.test.ts[2m > [22m[2mWebContainer Manager[2m > [22m[2mmount()[2m > [22m[2mshould mount files when booted
[22m[39m[WebContainer] Mounting files...

[90mstdout[2m | src/lib/webcontainer/__tests__/manager.test.ts[2m > [22m[2mWebContainer Manager[2m > [22m[2mmount()[2m > [22m[2mshould mount files when booted
[22m[39m[WebContainer] Files mounted successfully

[90mstdout[2m | src/lib/webcontainer/__tests__/manager.test.ts[2m > [22m[2mWebContainer Manager[2m > [22m[2mspawn()[2m > [22m[2mshould spawn a process when booted
[22m[39m[WebContainer] Booting...

[90mstdout[2m | src/lib/webcontainer/__tests__/manager.test.ts[2m > [22m[2mWebContainer Manager[2m > [22m[2mspawn()[2m > [22m[2mshould spawn a process when booted
[22m[39m[WebContainer] Booted successfully in 0ms

[90mstdout[2m | src/lib/webcontainer/__tests__/manager.test.ts[2m > [22m[2mWebContainer Manager[2m > [22m[2mspawn()[2m > [22m[2mshould spawn a process when booted
[22m[39m[WebContainer] Spawning: npm install

[90mstdout[2m | src/lib/webcontainer/__tests__/manager.test.ts[2m > [22m[2mWebContainer Manager[2m > [22m[2mgetFileSystem()[2m > [22m[2mshould return fs when booted
[22m[39m[WebContainer] Booting...

[90mstdout[2m | src/lib/webcontainer/__tests__/manager.test.ts[2m > [22m[2mWebContainer Manager[2m > [22m[2mgetFileSystem()[2m > [22m[2mshould return fs when booted
[22m[39m[WebContainer] Booted successfully in 0ms

[90mstdout[2m | src/lib/webcontainer/__tests__/manager.test.ts[2m > [22m[2mWebContainer Manager[2m > [22m[2mgetInstance()[2m > [22m[2mshould return instance when booted
[22m[39m[WebContainer] Booting...

[90mstdout[2m | src/lib/webcontainer/__tests__/manager.test.ts[2m > [22m[2mWebContainer Manager[2m > [22m[2mgetInstance()[2m > [22m[2mshould return instance when booted
[22m[39m[WebContainer] Booted successfully in 0ms

[90mstdout[2m | src/lib/webcontainer/__tests__/manager.test.ts[2m > [22m[2mWebContainer Manager[2m > [22m[2misBooted()[2m > [22m[2mshould return true when booted
[22m[39m[WebContainer] Booting...

[90mstdout[2m | src/lib/webcontainer/__tests__/manager.test.ts[2m > [22m[2mWebContainer Manager[2m > [22m[2misBooted()[2m > [22m[2mshould return true when booted
[22m[39m[WebContainer] Booted successfully in 0ms

[90mstdout[2m | src/lib/webcontainer/__tests__/manager.test.ts[2m > [22m[2mWebContainer Manager[2m > [22m[2monServerReady()[2m > [22m[2mshould subscribe to server-ready events when booted
[22m[39m[WebContainer] Booting...

[90mstdout[2m | src/lib/webcontainer/__tests__/manager.test.ts[2m > [22m[2mWebContainer Manager[2m > [22m[2monServerReady()[2m > [22m[2mshould subscribe to server-ready events when booted
[22m[39m[WebContainer] Booted successfully in 0ms

[90mstdout[2m | src/lib/webcontainer/__tests__/manager.test.ts[2m > [22m[2mWebContainer Manager[2m > [22m[2monServerReady()[2m > [22m[2mshould subscribe to server-ready events when booted
[22m[39m[WebContainer] Subscribing to server-ready events

 [32mΓ£ô[39m src/lib/webcontainer/__tests__/manager.test.ts [2m([22m[2m15 tests[22m[2m)[22m[33m 426[2mms[22m[39m
[90mstdout[2m | src/lib/workspace/project-store.test.ts[2m > [22m[2mProjectStore[2m > [22m[2msaveProject[2m > [22m[2mshould save a project successfully
[22m[39m[ProjectStore] Project saved: b28920d2-153b-44f6-b12f-c92861e7709c Test Project

[90mstderr[2m | src/lib/per
sistence/__tests__/db.test.ts
[2m > 
[22m[2mPersistenceDB - 
IdbCompatWrapper[2m > 
[22m[2mdeprecated 
transaction API[2m > 
[22m[2mtransaction() logs 
warning and returns stub
[22m[39m[IdbCompatWrapper] 
transaction() is deprecated, 
use direct db operations

[90mstdout[2m | src/lib/workspace/project-store.test.ts[2m > [22m[2mProjectStore[2m > [22m[2msaveProject[2m > [22m[2mshould default autoSync to true when not provided
[22m[39m[ProjectStore] Project saved: 4e72c29e-ed7b-4416-9d36-9953121220bb Test Project

 [32mΓ£ô[39m src/lib/persistence/__tests__/db.test.ts [2m([22m[2m12 tests[22m[2m)[22m[32m 208[2mms[22m[39m
 [32mΓ£ô[39m src/lib/workspace/conversation-store.test.ts [2m([22m[2m6 tests[22m[2m)[22m[32m 151[2mms[22m[39m
[90mstdout[2m | src/lib/workspace/project-store.test.ts[2m > [22m[2mProjectStore[2m > [22m[2msaveProject[2m > [22m[2mshould update existing project
[22m[39m[ProjectStore] Project saved: a74f4caa-77df-4bb1-9078-c27eaf55ee17 Test Project

 [32mΓ£ô[39m src/lib/workspace/ide-state-store.test.ts [2m([22m[2m5 tests[22m[2m)[22m[32m 163[2mms[22m[39m
[90mstdout[2m | src/lib/workspace/project-store.test.ts[2m > [22m[2mProjectStore[2m > [22m[2msaveProject[2m > [22m[2mshould update existing project
[22m[39m[ProjectStore] Project saved: a74f4caa-77df-4bb1-9078-c27eaf55ee17 Updated Name

[90mstdout[2m | src/lib/workspace/project-store.test.ts[2m > [22m[2mProjectStore[2m > [22m[2mgetProject[2m > [22m[2mshould retrieve saved project by ID
[22m[39m[ProjectStore] Project saved: 5d000613-4420-4401-842c-fdb0c32a9301 Test Project

[90mstdout[2m | src/lib/workspace/project-store.test.ts[2m > [22m[2mProjectStore[2m > [22m[2mlistProjects[2m > [22m[2mshould return all projects
[22m[39m[ProjectStore] Project saved: 69d26d95-9893-49c7-b480-b0a2870aa232 Project 1

[90mstdout[2m | src/lib/workspace/project-store.test.ts[2m > [22m[2mProjectStore[2m > [22m[2mlistProjects[2m > [22m[2mshould return all projects
[22m[39m[ProjectStore] Project saved: fbb97bad-8464-4425-975b-a333c16d0f3d Project 2

 [32mΓ£ô[39m src/lib/filesystem/__tests__/local-fs-adapter.test.ts [2m([22m[2m28 tests[22m[2m)[22m[32m 119[2mms[22m[39m
[90mstdout[2m | src/lib/workspace/project-store.test.ts[2m > [22m[2mProjectStore[2m > [22m[2mlistProjects[2m > [22m[2mshould sort by lastOpened descending
[22m[39m[ProjectStore] Project saved: 7d125c3c-5eba-4b79-bf5a-c1878b0df8df Old Project

[90mstdout[2m | src/lib/workspace/project-store.test.ts[2m > [22m[2mProjectStore[2m > [22m[2mlistProjects[2m > [22m[2mshould sort by lastOpened descending
[22m[39m[ProjectStore] Project saved: a55cfaa3-0a00-4cf5-b529-1a82c70b3217 New Project

[90mstdout[2m | src/lib/workspace/project-store.test.ts[2m > [22m[2mProjectStore[2m > [22m[2mdeleteProject[2m > [22m[2mshould delete existing project
[22m[39m[ProjectStore] Project saved: b0d4f881-abdd-4e40-b39a-2ee01a60035a Test Project

[90mstdout[2m | src/lib/workspace/project-store.test.ts[2m > [22m[2mProjectStore[2m > [22m[2mdeleteProject[2m > [22m[2mshould delete existing project
[22m[39m[ProjectStore] Project deleted: b0d4f881-abdd-4e40-b39a-2ee01a60035a

[90mstdout[2m | src/lib/workspace/project-store.test.ts[2m > [22m[2mProjectStore[2m > [22m[2mdeleteProject[2m > [22m[2mshould return true for non-existent ID
[22m[39m[ProjectStore] Project deleted: non-existent-id

[90mstdout[2m | src/lib/workspace/project-store.test.ts[2m > [22m[2mProjectStore[2m > [22m[2mupdateProjectLastOpened[2m > [22m[2mshould update lastOpened timestamp
[22m[39m[ProjectStore] Project saved: c70a315c-dfe7-4eb9-a814-247398d8434a Test Project

[90mstderr[2m | src/lib/wor
kspace/project-store.test.ts
[2m > 
[22m[2mProjectStore[2m > 
[22m[2mupdateProjectLastOpen
ed[2m > [22m[2mshould 
return false for 
non-existent ID
[22m[39m[ProjectStore] 
Project not found for 
update: non-existent-id

[90mstdout[2m | src/lib/workspace/project-store.test.ts[2m > [22m[2mProjectStore[2m > [22m[2mgetProjectCount[2m > [22m[2mshould return correct count
[22m[39m[ProjectStore] Project saved: 07d01b12-f6cc-48bc-a229-669bea2fc99b Project 1

[90mstdout[2m | src/lib/workspace/project-store.test.ts[2m > [22m[2mProjectStore[2m > [22m[2mgetProjectCount[2m > [22m[2mshould return correct count
[22m[39m[ProjectStore] Project saved: bd6f9f55-b2fb-4464-8274-bc5f283b3edf Project 2

[90mstdout[2m | src/lib/workspace/project-store.test.ts[2m > [22m[2mProjectStore[2m > [22m[2mgetProjectCount[2m > [22m[2mshould return correct count
[22m[39m[ProjectStore] Project saved: e1f1c0d5-18bf-4db4-afb5-077ac8e39ba6 Project 3

[90mstdout[2m | src/lib/workspace/project-store.test.ts[2m > [22m[2mProjectStore[2m > [22m[2mclearAllProjects[2m > [22m[2mshould remove all projects
[22m[39m[ProjectStore] Project saved: 88085fdc-418f-4ed8-8bf8-e3928478a91a Project 1

[90mstdout[2m | src/lib/workspace/project-store.test.ts[2m > [22m[2mProjectStore[2m > [22m[2mclearAllProjects[2m > [22m[2mshould remove all projects
[22m[39m[ProjectStore] Project saved: 54232231-229d-4f15-bcab-94a55d21fde0 Project 2

[90mstdout[2m | src/lib/workspace/project-store.test.ts[2m > [22m[2mProjectStore[2m > [22m[2mclearAllProjects[2m > [22m[2mshould remove all projects
[22m[39m[ProjectStore] All projects cleared

[90mstderr[2m | src/lib/fil
esystem/sync-manager.test.ts
[2m > 
[22m[2mSyncManager[2m > 
[22m[2mConcurrency[2m > 
[22m[2mshould block 
concurrent sync calls
[22m[39m[SyncManager] Sync 
already in progress, 
skipping request

[90mstdout[2m | src/lib/workspace/project-store.test.ts[2m > [22m[2mProjectStore[2m > [22m[2mproject with layoutState[2m > [22m[2mshould save and retrieve layoutState
[22m[39m[ProjectStore] Project saved: 2f3cad53-710f-4623-a318-632e232e2bf7 Test Project

 [32mΓ£ô[39m src/lib/workspace/project-store.test.ts [2m([22m[2m18 tests[22m[2m)[22m[33m 394[2mms[22m[39m
 [32mΓ£ô[39m src/lib/filesystem/sync-manager.test.ts [2m([22m[2m9 tests[22m[2m)[22m[32m 152[2mms[22m[39m
[90mstdout[2m | src/lib/webcontainer/__tests__/terminal-adapter.test.ts[2m > [22m[2mTerminal Adapter[2m > [22m[2mstartShell()[2m > [22m[2mshould start shell with default options
[22m[39m[TerminalAdapter] Starting jsh shell...

[90mstdout[2m | src/lib/webcontainer/__tests__/terminal-adapter.test.ts[2m > [22m[2mTerminal Adapter[2m > [22m[2mstartShell()[2m > [22m[2mshould start shell with default options
[22m[39m[TerminalAdapter] Shell started with dimensions 80x24
[TerminalAdapter] Shell ready

[90mstdout[2m | src/lib/webcontainer/__tests__/terminal-adapter.test.ts[2m > [22m[2mTerminal Adapter[2m > [22m[2mstartShell()[2m > [22m[2mshould start shell with project path (cwd)
[22m[39m[TerminalAdapter] Starting jsh shell in /my-project...

[90mstdout[2m | src/lib/webcontainer/__tests__/terminal-adapter.test.ts[2m > [22m[2mTerminal Adapter[2m > [22m[2mstartShell()[2m > [22m[2mshould start shell with project path (cwd)
[22m[39m[TerminalAdapter] Shell started with dimensions 80x24 at /my-project
[TerminalAdapter] Shell ready

[90mstdout[2m | src/lib/webcontainer/__tests__/terminal-adapter.test.ts[2m > [22m[2mTerminal Adapter[2m > [22m[2mstartShell()[2m > [22m[2mshould throw ALREADY_STARTED on second call
[22m[39m[TerminalAdapter] Starting jsh shell...

[90mstdout[2m | src/lib/webcontainer/__tests__/terminal-adapter.test.ts[2m > [22m[2mTerminal Adapter[2m > [22m[2mstartShell()[2m > [22m[2mshould throw ALREADY_STARTED on second call
[22m[39m[TerminalAdapter] Shell started with dimensions 80x24
[TerminalAdapter] Shell ready

[90mstdout[2m | src/lib/webcontainer/__tests__/terminal-adapter.test.ts[2m > [22m[2mTerminal Adapter[2m > [22m[2mstartShell()[2m > [22m[2mshould throw DISPOSED after dispose
[22m[39m[TerminalAdapter] Disposing...
[TerminalAdapter] Disposed

[90mstdout[2m | src/lib/webcontainer/__tests__/terminal-adapter.test.ts[2m > [22m[2mTerminal Adapter[2m > [22m[2mwrite()[2m > [22m[2mshould write data to shell stdin
[22m[39m[TerminalAdapter] Starting jsh shell...

[90mstdout[2m | src/lib/webcontainer/__tests__/terminal-adapter.test.ts[2m > [22m[2mTerminal Adapter[2m > [22m[2mwrite()[2m > [22m[2mshould write data to shell stdin
[22m[39m[TerminalAdapter] Shell started with dimensions 80x24
[TerminalAdapter] Shell ready

[90mstdout[2m | src/lib/webcontainer/__tests__/terminal-adapter.test.ts[2m > [22m[2mTerminal Adapter[2m > [22m[2mresize()[2m > [22m[2mshould use fitAddon.fit() when provided
[22m[39m[TerminalAdapter] Starting jsh shell...

[90mstdout[2m | src/lib/webcontainer/__tests__/terminal-adapter.test.ts[2m > [22m[2mTerminal Adapter[2m > [22m[2mresize()[2m > [22m[2mshould use fitAddon.fit() when provided
[22m[39m[TerminalAdapter] Shell started with dimensions 80x24
[TerminalAdapter] Shell ready

[90mstdout[2m | src/lib/webcontainer/__tests__/terminal-adapter.test.ts[2m > [22m[2mTerminal Adapter[2m > [22m[2mresize()[2m > [22m[2mshould call terminal.resize when no fitAddon
[22m[39m[TerminalAdapter] Starting jsh shell...

[90mstdout[2m | src/lib/webcontainer/__tests__/terminal-adapter.test.ts[2m > [22m[2mTerminal Adapter[2m > [22m[2mresize()[2m > [22m[2mshould call terminal.resize when no fitAddon
[22m[39m[TerminalAdapter] Shell started with dimensions 80x24
[TerminalAdapter] Shell ready

[90mstdout[2m | src/lib/webcontainer/__tests__/terminal-adapter.test.ts[2m > [22m[2mTerminal Adapter[2m > [22m[2mdispose()[2m > [22m[2mshould release lock and kill process
[22m[39m[TerminalAdapter] Starting jsh shell...

[90mstdout[2m | src/lib/webcontainer/__tests__/terminal-adapter.test.ts[2m > [22m[2mTerminal Adapter[2m > [22m[2mdispose()[2m > [22m[2mshould release lock and kill process
[22m[39m[TerminalAdapter] Shell started with dimensions 80x24
[TerminalAdapter] Shell ready

[90mstdout[2m | src/lib/webcontainer/__tests__/terminal-adapter.test.ts[2m > [22m[2mTerminal Adapter[2m > [22m[2mdispose()[2m > [22m[2mshould release lock and kill process
[22m[39m[TerminalAdapter] Disposing...
[TerminalAdapter] Disposed

[90mstdout[2m | src/lib/webcontainer/__tests__/terminal-adapter.test.ts[2m > [22m[2mTerminal Adapter[2m > [22m[2mdispose()[2m > [22m[2mshould be safe to call multiple times
[22m[39m[TerminalAdapter] Disposing...
[TerminalAdapter] Disposed

[90mstdout[2m | src/lib/webcontainer/__tests__/terminal-adapter.test.ts[2m > [22m[2mTerminal Adapter[2m > [22m[2misRunning()[2m > [22m[2mshould return true after startShell
[22m[39m[TerminalAdapter] Starting jsh shell...

[90mstdout[2m | src/lib/webcontainer/__tests__/terminal-adapter.test.ts[2m > [22m[2mTerminal Adapter[2m > [22m[2misRunning()[2m > [22m[2mshould return true after startShell
[22m[39m[TerminalAdapter] Shell started with dimensions 80x24
[TerminalAdapter] Shell ready

[90mstdout[2m | src/lib/webcontainer/__tests__/terminal-adapter.test.ts[2m > [22m[2mTerminal Adapter[2m > [22m[2misRunning()[2m > [22m[2mshould return false after dispose
[22m[39m[TerminalAdapter] Starting jsh shell...

[90mstdout[2m | src/lib/webcontainer/__tests__/terminal-adapter.test.ts[2m > [22m[2mTerminal Adapter[2m > [22m[2misRunning()[2m > [22m[2mshould return false after dispose
[22m[39m[TerminalAdapter] Shell started with dimensions 80x24
[TerminalAdapter] Shell ready

[90mstdout[2m | src/lib/webcontainer/__tests__/terminal-adapter.test.ts[2m > [22m[2mTerminal Adapter[2m > [22m[2misRunning()[2m > [22m[2mshould return false after dispose
[22m[39m[TerminalAdapter] Disposing...
[TerminalAdapter] Disposed

 [32mΓ£ô[39m src/lib/webcontainer/__tests__/terminal-adapter.test.ts [2m([22m[2m15 tests[22m[2m)[22m[32m 78[2mms[22m[39m
 [32mΓ£ô[39m src/lib/filesystem/__tests__/sync-planner.test.ts [2m([22m[2m4 tests[22m[2m)[22m[32m 75[2mms[22m[39m
 [32mΓ£ô[39m src/lib/filesystem/__tests__/directory-walker.test.ts [2m([22m[2m5 tests[22m[2m)[22m[32m 76[2mms[22m[39m
 [32mΓ£ô[39m src/lib/filesystem/permission-lifecycle.test.ts [2m([22m[2m11 tests[22m[2m)[22m[32m 25[2mms[22m[39m
 [32mΓ£ô[39m src/lib/filesystem/__tests__/local-fs-adapter.integration.test.ts [2m([22m[2m14 tests[22m[2m)[22m[32m 73[2mms[22m[39m
 [32mΓ£ô[39m src/lib/filesystem/__tests__/exclusion-config.test.ts [2m([22m[2m24 tests[22m[2m)[22m[32m 34[2mms[22m[39m
[90mstderr[2m | src/lib/fil
esystem/__tests__/sync-execut
or.test.ts[2m > 
[22m[2mSyncExecutor[2m > 
[22m[2mshould handle read 
failures gracefully (partial 
failure)
[22m[39m[SyncExecutor] 
Failed to process bad.ts: 
Error: Read failed
    at [90mC:\Users\Admin\Do
cuments\coding-project\projec
t-alpha-master\project-alpha-
master\[39msrc\lib\filesyste
m\__tests__\sync-executor.tes
t.ts:140:63
    at [90mfile:///C:/Users/
Admin/Documents/coding-projec
t/project-alpha-master/projec
t-alpha-master/[39mnode_modu
les/[4m.pnpm[24m/@vitest+ru
nner@3.2.4/node_modules/[4m@
vitest/runner[24m/dist/chunk
-hooks.js:155:11
    at [90mfile:///C:/Users/
Admin/Documents/coding-projec
t/project-alpha-master/projec
t-alpha-master/[39mnode_modu
les/[4m.pnpm[24m/@vitest+ru
nner@3.2.4/node_modules/[4m@
vitest/runner[24m/dist/chunk
-hooks.js:752:26
    at [90mfile:///C:/Users/
Admin/Documents/coding-projec
t/project-alpha-master/projec
t-alpha-master/[39mnode_modu
les/[4m.pnpm[24m/@vitest+ru
nner@3.2.4/node_modules/[4m@
vitest/runner[24m/dist/chunk
-hooks.js:1897:20
    at new Promise 
(<anonymous>)
    at runWithTimeout [90m(f
ile:///C:/Users/Admin/Documen
ts/coding-project/project-alp
ha-master/project-alpha-maste
r/[39mnode_modules/[4m.pnpm
[24m/@vitest+runner@3.2.4/no
de_modules/[4m@vitest/runner
[24m/dist/chunk-hooks.js:186
3:10[90m)[39m
    at runTest [90m(file:///
C:/Users/Admin/Documents/codi
ng-project/project-alpha-mast
er/project-alpha-master/[39m
node_modules/[4m.pnpm[24m/@
vitest+runner@3.2.4/node_modu
les/[4m@vitest/runner[24m/d
ist/chunk-hooks.js:1574:12[9
0m)[39m
[90m    at 
processTicksAndRejections (no
de:internal/process/task_queu
es:103:5)[39m
    at runSuite [90m(file://
/C:/Users/Admin/Documents/cod
ing-project/project-alpha-mas
ter/project-alpha-master/[39
mnode_modules/[4m.pnpm[24m/
@vitest+runner@3.2.4/node_mod
ules/[4m@vitest/runner[24m/
dist/chunk-hooks.js:1729:8[9
0m)[39m
    at runSuite [90m(file://
/C:/Users/Admin/Documents/cod
ing-project/project-alpha-mas
ter/project-alpha-master/[39
mnode_modules/[4m.pnpm[24m/
@vitest+runner@3.2.4/node_mod
ules/[4m@vitest/runner[24m/
dist/chunk-hooks.js:1729:8[9
0m)[39m

 [32mΓ£ô[39m src/lib/filesystem/__tests__/sync-executor.test.ts [2m([22m[2m5 tests[22m[2m)[22m[32m 156[2mms[22m[39m
 [32mΓ£ô[39m src/lib/editor/__tests__/language-utils.test.ts [2m([22m[2m14 tests[22m[2m)[22m[32m 20[2mms[22m[39m
 [32mΓ£ô[39m src/lib/filesystem/__tests__/path-guard.test.ts [2m([22m[2m6 tests[22m[2m)[22m[32m 22[2mms[22m[39m
 [32mΓ£ô[39m src/lib/events/__tests__/workspace-events.test.ts [2m([22m[2m2 tests[22m[2m)[22m[32m 12[2mms[22m[39m
 [32mΓ£ô[39m src/components/ide/FileTree/__tests__/FileTree.test.ts [2m([22m[2m11 tests[22m[2m)[22m[32m 21[2mms[22m[39m
 [32mΓ£ô[39m src/i18n/__tests__/config.test.ts [2m([22m[2m4 tests[22m[2m)[22m[32m 13[2mms[22m[39m
 [32mΓ£ô[39m src/lib/events/__tests__/use-workspace-event.test.tsx [2m([22m[2m2 tests[22m[2m)[22m[32m 77[2mms[22m[39m
 [32mΓ£ô[39m src/components/dashboard/__tests__/Onboarding.test.tsx [2m([22m[2m2 tests[22m[2m)[22m[32m 166[2mms[22m[39m
 [32mΓ£ô[39m src/components/__tests__/ThemeToggle.test.tsx [2m([22m[2m1 test[22m[2m)[22m[33m 661[2mms[22m[39m
   [33m[2mΓ£ô[22m[39m ThemeToggle[2m > [22mrenders after mount and toggles theme state [33m 656[2mms[22m[39m
 [32mΓ£ô[39m src/components/ide/__tests__/SyncStatusIndicator.test.tsx [2m([22m[2m11 tests[22m[2m)[22m[33m 764[2mms[22m[39m
   [33m[2mΓ£ô[22m[39m SyncStatusIndicator[2m > [22merror state[2m > [22mshould show error message in title [33m 455[2mms[22m[39m
 [32mΓ£ô[39m src/lib/workspace/WorkspaceContext.test.tsx [2m([22m[2m11 tests[22m[2m)[22m[33m 419[2mms[22m[39m
[90mstderr[2m | src/__tests
__/dashboard-i18n.test.tsx[2
m > [22m[2mDashboard 
localization[2m > 
[22m[2mrenders dashboard 
title in EN by default and 
switches to VI
[22m[39mAn update to 
PitchDeck inside a test was 
not wrapped in act(...).

When testing, code that 
causes React state updates 
should be wrapped into 
act(...):

act(() => {
  /* fire events that update 
state */
});
/* assert on the output */

This ensures that you're 
testing the behavior the 
user would see in the 
browser. Learn more at https:
//react.dev/link/wrap-tests-w
ith-act
An update to Onboarding 
inside a test was not 
wrapped in act(...).

When testing, code that 
causes React state updates 
should be wrapped into 
act(...):

act(() => {
  /* fire events that update 
state */
});
/* assert on the output */

This ensures that you're 
testing the behavior the 
user would see in the 
browser. Learn more at https:
//react.dev/link/wrap-tests-w
ith-act
An update to Dashboard 
inside a test was not 
wrapped in act(...).

When testing, code that 
causes React state updates 
should be wrapped into 
act(...):

act(() => {
  /* fire events that update 
state */
});
/* assert on the output */

This ensures that you're 
testing the behavior the 
user would see in the 
browser. Learn more at https:
//react.dev/link/wrap-tests-w
ith-act
An update to LocaleProvider 
inside a test was not 
wrapped in act(...).

When testing, code that 
causes React state updates 
should be wrapped into 
act(...):

act(() => {
  /* fire events that update 
state */
});
/* assert on the output */

This ensures that you're 
testing the behavior the 
user would see in the 
browser. Learn more at https:
//react.dev/link/wrap-tests-w
ith-act

 [32mΓ£ô[39m src/__tests__/dashboard-i18n.test.tsx [2m([22m[2m2 tests[22m[2m)[22m[32m 244[2mms[22m[39m
 [2m[90mΓåô[39m[22m src/components/__tests__/workspace-i18n.test.tsx [2m([22m[2m3 tests[22m[2m | [22m[33m3 skipped[39m[2m)[22m
[90mstdout[2m | src/components/layout/__tests__/IDELayout.test.tsx[2m > [22m[2mIDELayout - Migrated to ShadcnUI[2m > [22m[2mshould render with ShadcnUI Resizable components
[22m[39m[WebContainer] Booting...

[90mstderr[2m | src/compone
nts/layout/__tests__/IDELayou
t.test.tsx[2m > 
[22m[2mIDELayout - 
Migrated to ShadcnUI[2m > 
[22m[2mshould render with 
ShadcnUI Resizable components
[22m[39mWarning: useRouter 
must be used inside a 
<RouterProvider> component!
react-i18next:: 
useTranslation: You will 
need to pass in an i18next 
instance by using 
initReactI18next { code: [32
m'NO_I18NEXT_INSTANCE'[39m }
WARNING: Panel defaultSize 
prop recommended to avoid 
layout shift after server 
rendering

[90mstderr[2m | src/compone
nts/layout/__tests__/IDELayou
t.test.tsx[2m > 
[22m[2mIDELayout - 
Migrated to ShadcnUI[2m > 
[22m[2mrenders panel 
headers and resizable 
handles with affordance
[22m[39mWarning: useRouter 
must be used inside a 
<RouterProvider> component!
WARNING: Panel defaultSize 
prop recommended to avoid 
layout shift after server 
rendering

[90mstderr[2m | src/compone
nts/layout/__tests__/IDELayou
t.test.tsx[2m > 
[22m[2mIDELayout - 
Migrated to ShadcnUI[2m > 
[22m[2mrenders 
TerminalPanel
[22m[39mWarning: useRouter 
must be used inside a 
<RouterProvider> component!
WARNING: Panel defaultSize 
prop recommended to avoid 
layout shift after server 
rendering

[90mstderr[2m | src/compone
nts/layout/__tests__/IDELayou
t.test.tsx[2m > 
[22m[2mIDELayout - 
Migrated to ShadcnUI[2m > 
[22m[2mchat shell toggles 
and retains content
[22m[39mWarning: useRouter 
must be used inside a 
<RouterProvider> component!
WARNING: Panel defaultSize 
prop recommended to avoid 
layout shift after server 
rendering

[90mstderr[2m | src/compone
nts/layout/__tests__/IDELayou
t.test.tsx[2m > 
[22m[2mIDELayout - 
Migrated to ShadcnUI[2m > 
[22m[2mpreview shell 
renders and maintains layout 
container
[22m[39mWarning: useRouter 
must be used inside a 
<RouterProvider> component!
WARNING: Panel defaultSize 
prop recommended to avoid 
layout shift after server 
rendering

[90mstderr[2m | src/compone
nts/layout/__tests__/IDELayou
t.test.tsx[2m > 
[22m[2mIDELayout - 
Migrated to ShadcnUI[2m > 
[22m[2mresizable handles 
have inner grip affordance
[22m[39mWarning: useRouter 
must be used inside a 
<RouterProvider> component!
WARNING: Panel defaultSize 
prop recommended to avoid 
layout shift after server 
rendering

[90mstderr[2m | src/compone
nts/layout/__tests__/IDELayou
t.test.tsx[2m > 
[22m[2mIDELayout - 
Migrated to ShadcnUI[2m > 
[22m[2mdark mode still 
renders headers/handles
[22m[39mWarning: useRouter 
must be used inside a 
<RouterProvider> component!
WARNING: Panel defaultSize 
prop recommended to avoid 
layout shift after server 
rendering

[90mstderr[2m | src/compone
nts/layout/__tests__/IDELayou
t.test.tsx[2m > 
[22m[2mIDELayout - 
Migrated to ShadcnUI[2m > 
[22m[2mshould toggle chat 
panel visibility
[22m[39mWarning: useRouter 
must be used inside a 
<RouterProvider> component!
WARNING: Panel defaultSize 
prop recommended to avoid 
layout shift after server 
rendering

[90mstderr[2m | src/compone
nts/layout/__tests__/IDELayou
t.test.tsx[2m > 
[22m[2mIDELayout - 
Migrated to ShadcnUI[2m > 
[22m[2mshould show minimum 
viewport warning on small 
screens
[22m[39mWarning: useRouter 
must be used inside a 
<RouterProvider> component!
WARNING: Panel defaultSize 
prop recommended to avoid 
layout shift after server 
rendering

[90mstderr[2m | src/compone
nts/layout/__tests__/IDELayou
t.test.tsx[2m > 
[22m[2mIDELayout - 
Migrated to ShadcnUI[2m > 
[22m[2mshould handle 
keyboard shortcut for chat 
toggle
[22m[39mWarning: useRouter 
must be used inside a 
<RouterProvider> component!
WARNING: Panel defaultSize 
prop recommended to avoid 
layout shift after server 
rendering

[90mstderr[2m | src/compone
nts/layout/__tests__/IDELayou
t.test.tsx[2m > 
[22m[2mIDELayout - 
Migrated to ShadcnUI[2m > 
[22m[2maxe check: no 
accessibility violations for 
main layout
[22m[39mWarning: useRouter 
must be used inside a 
<RouterProvider> component!
WARNING: Panel defaultSize 
prop recommended to avoid 
layout shift after server 
rendering

 [31mΓ¥»[39m src/components/layout/__tests__/IDELayout.test.tsx [2m([22m[2m11 tests[22m[2m | [22m[31m2 failed[39m[2m)[22m[33m 4235[2mms[22m[39m
   [33m[2mΓ£ô[22m[39m IDELayout - Migrated to ShadcnUI[2m > [22mshould render with ShadcnUI Resizable components [33m 542[2mms[22m[39m
   [32mΓ£ô[39m IDELayout - Migrated to ShadcnUI[2m > [22mrenders panel headers and resizable handles with affordance[32m 200[2mms[22m[39m
   [32mΓ£ô[39m IDELayout - Migrated to ShadcnUI[2m > [22mrenders TerminalPanel[32m 105[2mms[22m[39m
[31m   [31m├ù[31m IDELayout - Migrated to ShadcnUI[2m > [22mchat shell toggles and retains content[39m[32m 257[2mms[22m[39m
[31m     ΓåÆ [2mexpect([22m[31melement[31m[2m).not.toBeInTheDocument()[22m

[31mexpected document not to contain element, found <div
  data-testid="chat-panel"
>
  Chat Panel
</div> instead[31m[39m
   [32mΓ£ô[39m IDELayout - Migrated to ShadcnUI[2m > [22mpreview shell renders and maintains layout container[32m 88[2mms[22m[39m
   [32mΓ£ô[39m IDELayout - Migrated to ShadcnUI[2m > [22mresizable handles have inner grip affordance[32m 83[2mms[22m[39m
   [32mΓ£ô[39m IDELayout - Migrated to ShadcnUI[2m > [22mdark mode still renders headers/handles[32m 139[2mms[22m[39m
[31m   [31m├ù[31m IDELayout - Migrated to ShadcnUI[2m > [22mshould toggle chat panel visibility[39m[33m 1905[2mms[22m[39m
[31m     ΓåÆ Unable to find an accessible element with the role "button" and name "ide.showChat"

Here are the accessible roles:

  banner:

  Name "":
  [36m<header[31m
    [33mclass[31m=[32m"h-10 bg-card border-b border-border flex items-center px-4 justify-between shrink-0"[31m
  [36m/>[31m

  --------------------------------------------------
  button:

  Name "ide.openFolder":
  [36m<button[31m
    [33mclass[31m=[32m"text-xs flex items-center gap-1 transition-colors text-slate-300 hover:text-white"[31m
    [33mtitle[31m=[32m"ide.openFolder"[31m
    [33mtype[31m=[32m"button"[31m
  [36m/>[31m

  Name "ide.hideChat":
  [36m<button[31m
    [33mclass[31m=[32m"flex items-center gap-1.5 text-xs text-muted-foreground hover:text-foreground transition-colors"[31m
    [33mtitle[31m=[32m"ide.toggleChatShortcut"[31m
  [36m/>[31m

  --------------------------------------------------
  separator:

  Name "":
  [36m<div[31m
    [33maria-orientation[31m=[32m"vertical"[31m
    [33maria-valuemax[31m=[32m"100"[31m
    [33maria-valuemin[31m=[32m"0"[31m
    [33maria-valuenow[31m=[32m"50"[31m
    [33mclass[31m=[32m"focus-visible:ring-ring relative flex items-center justify-center after:absolute after:inset-y-0 after:left-1/2 after:w-1 after:-translate-x-1/2 focus-visible:ring-1 focus-visible:ring-offset-1 focus-visible:outline-hidden data-[panel-group-direction=vertical]:h-px data-[panel-group-direction=vertical]:w-full data-[panel-group-direction=vertical]:after:left-0 data-[panel-group-direction=vertical]:after:h-1 data-[panel-group-direction=vertical]:after:w-full data-[panel-group-direction=vertical]:after:translate-x-0 data-[panel-group-direction=vertical]:after:-translate-y-1/2 [&[data-panel-group-direction=vertical]>div]:rotate-90 w-2 bg-border hover:bg-accent transition-colors cursor-col-resize"[31m
    [33mdata-panel-group-direction[31m=[32m"horizontal"[31m
    [33mdata-panel-group-id[31m=[32m"_r_34_"[31m
    [33mdata-panel-resize-handle-enabled[31m=[32m"true"[31m
    [33mdata-panel-resize-handle-id[31m=[32m"_r_36_"[31m
    [33mdata-resize-handle[31m=[32m""[31m
    [33mdata-resize-handle-state[31m=[32m"inactive"[31m
    [33mdata-slot[31m=[32m"resizable-handle"[31m
    [33mrole[31m=[32m"separator"[31m
    [33mstyle[31m=[32m"user-select: none;"[31m
    [33mtabindex[31m=[32m"0"[31m
  [36m/>[31m

  Name "":
  [36m<div[31m
    [33maria-orientation[31m=[32m"vertical"[31m
    [33maria-valuemax[31m=[32m"100"[31m
    [33maria-valuemin[31m=[32m"0"[31m
    [33maria-valuenow[31m=[32m"50"[31m
    [33mclass[31m=[32m"focus-visible:ring-ring relative flex items-center justify-center after:absolute after:inset-y-0 after:left-1/2 after:w-1 after:-translate-x-1/2 focus-visible:ring-1 focus-visible:ring-offset-1 focus-visible:outline-hidden data-[panel-group-direction=vertical]:h-px data-[panel-group-direction=vertical]:w-full data-[panel-group-direction=vertical]:after:left-0 data-[panel-group-direction=vertical]:after:h-1 data-[panel-group-direction=vertical]:after:w-full data-[panel-group-direction=vertical]:after:translate-x-0 data-[panel-group-direction=vertical]:after:-translate-y-1/2 [&[data-panel-group-direction=vertical]>div]:rotate-90 w-2 bg-border hover:bg-accent transition-colors cursor-col-resize"[31m
    [33mdata-panel-group-direction[31m=[32m"horizontal"[31m
    [33mdata-panel-group-id[31m=[32m"_r_3a_"[31m
    [33mdata-panel-resize-handle-enabled[31m=[32m"true"[31m
    [33mdata-panel-resize-handle-id[31m=[32m"_r_3c_"[31m
    [33mdata-resize-handle[31m=[32m""[31m
    [33mdata-resize-handle-state[31m=[32m"inactive"[31m
    [33mdata-slot[31m=[32m"resizable-handle"[31m
    [33mrole[31m=[32m"separator"[31m
    [33mstyle[31m=[32m"user-select: none;"[31m
    [33mtabindex[31m=[32m"0"[31m
  [36m/>[31m

  Name "":
  [36m<div[31m
    [33maria-orientation[31m=[32m"horizontal"[31m
    [33maria-valuemax[31m=[32m"100"[31m
    [33maria-valuemin[31m=[32m"0"[31m
    [33maria-valuenow[31m=[32m"50"[31m
    [33mclass[31m=[32m"focus-visible:ring-ring relative flex w-px items-center justify-center after:absolute after:inset-y-0 after:left-1/2 after:w-1 after:-translate-x-1/2 focus-visible:ring-1 focus-visible:ring-offset-1 focus-visible:outline-hidden data-[panel-group-direction=vertical]:h-px data-[panel-group-direction=vertical]:w-full data-[panel-group-direction=vertical]:after:left-0 data-[panel-group-direction=vertical]:after:h-1 data-[panel-group-direction=vertical]:after:w-full data-[panel-group-direction=vertical]:after:translate-x-0 data-[panel-group-direction=vertical]:after:-translate-y-1/2 [&[data-panel-group-direction=vertical]>div]:rotate-90 h-2 bg-border hover:bg-accent transition-colors cursor-row-resize"[31m
    [33mdata-panel-group-direction[31m=[32m"vertical"[31m
    [33mdata-panel-group-id[31m=[32m"_r_38_"[31m
    [33mdata-panel-resize-handle-enabled[31m=[32m"true"[31m
    [33mdata-panel-resize-handle-id[31m=[32m"_r_3e_"[31m
    [33mdata-resize-handle[31m=[32m""[31m
    [33mdata-resize-handle-state[31m=[32m"inactive"[31m
    [33mdata-slot[31m=[32m"resizable-handle"[31m
    [33mrole[31m=[32m"separator"[31m
    [33mstyle[31m=[32m"user-select: none;"[31m
    [33mtabindex[31m=[32m"0"[31m
  [36m/>[31m

  Name "":
  [36m<div[31m
    [33maria-orientation[31m=[32m"horizontal"[31m
    [33maria-valuemax[31m=[32m"100"[31m
    [33maria-valuemin[31m=[32m"0"[31m
    [33maria-valuenow[31m=[32m"50"[31m
    [33mclass[31m=[32m"focus-visible:ring-ring relative flex items-center justify-center after:absolute after:inset-y-0 after:left-1/2 after:w-1 after:-translate-x-1/2 focus-visible:ring-1 focus-visible:ring-offset-1 focus-visible:outline-hidden data-[panel-group-direction=vertical]:h-px data-[panel-group-direction=vertical]:w-full data-[panel-group-direction=vertical]:after:left-0 data-[panel-group-direction=vertical]:after:h-1 data-[panel-group-direction=vertical]:after:w-full data-[panel-group-direction=vertical]:after:translate-x-0 data-[panel-group-direction=vertical]:after:-translate-y-1/2 [&[data-panel-group-direction=vertical]>div]:rotate-90 w-2 bg-border hover:bg-accent transition-colors cursor-col-resize"[31m
    [33mdata-panel-group-direction[31m=[32m"horizontal"[31m
    [33mdata-panel-group-id[31m=[32m"_r_34_"[31m
    [33mdata-panel-resize-handle-enabled[31m=[32m"true"[31m
    [33mdata-panel-resize-handle-id[31m=[32m"_r_3i_"[31m
    [33mdata-resize-handle[31m=[32m""[31m
    [33mdata-resize-handle-state[31m=[32m"inactive"[31m
    [33mdata-slot[31m=[32m"resizable-handle"[31m
    [33mrole[31m=[32m"separator"[31m
    [33mstyle[31m=[32m"user-select: none;"[31m
    [33mtabindex[31m=[32m"0"[31m
  [36m/>[31m

  --------------------------------------------------
  heading:

  Name "Screen Too Small":
  [36m<h2[31m
    [33mclass[31m=[32m"text-xl font-semibold text-foreground mb-2"[31m
  [36m/>[31m

  --------------------------------------------------
  paragraph:

  Name "":
  [36m<p[31m
    [33mclass[31m=[32m"text-muted-foreground text-sm"[31m
  [36m/>[31m

  --------------------------------------------------

Ignored nodes: comments, script, style
[36m<body>[31m
  [36m<iframe[31m
    [33mallow[31m=[32m"cross-origin-isolated"[31m
    [33msrc[31m=[32m"https://stackblitz.com/headless?coep=require-corp&version=1.6.1"[31m
    [33mstyle[31m=[32m"display: none;"[31m
  [36m/>[31m
  [36m<div>[31m
    [36m<div[31m
      [33mclass[31m=[32m"h-screen w-screen bg-background text-foreground overflow-hidden flex flex-col"[31m
    [36m>[31m
      [36m<header[31m
        [33mclass[31m=[32m"h-10 bg-card border-b border-border flex items-center px-4 justify-between shrink-0"[31m
      [36m>[31m
        [36m<div[31m
          [33mclass[31m=[32m"flex items-center gap-3"[31m
        [36m>[31m
          [36m<span[31m
            [33mclass[31m=[32m"text-primary font-bold tracking-tight"[31m
          [36m>[31m
            [0mvia-gent[0m
          [36m</span>[31m
          [36m<span[31m
            [33mclass[31m=[32m"text-muted-foreground"[31m
          [36m>[31m
            [0m/[0m
          [36m</span>[31m
          [36m<span[31m
            [33mclass[31m=[32m"font-medium text-foreground"[31m
          [36m>[31m
            [0mtest-project[0m
          [36m</span>[31m
        [36m</div>[31m
        [36m<div[31m
          [33mclass[31m=[32m"flex items-center gap-4"[31m
        [36m>[31m
          [36m<button[31m
            [33mclass[31m=[32m"text-xs flex items-center gap-1 transition-colors text-slate-300 hover:text-white"[31m
            [33mtitle[31m=[32m"ide.openFolder"[31m
            [33mtype[31m=[32m"button"[31m
          [36m>[31m
            [36m<svg[31m
              [33maria-hidden[31m=[32m"true"[31m
              [33mclass[31m=[32m"lucide lucide-folder-open w-4 h-4"[31m
              [33mfill[31m=[32m"none"[31m
              [33mheight[31m=[32m"24"[31m
              [33mstroke[31m=[32m"currentColor"[31m
              [33mstroke-linecap[31m=[32m"round"[31m
              [33mstroke-linejoin[31m=[32m"round"[31m
              [33mstroke-width[31m=[32m"2"[31m
              [33mviewBox[31m=[32m"0 0 24 24"[31m
              [33mwidth[31m=[32m"24"[31m
              [33mxmlns[31m=[32m"http://www.w3.org/2000/svg"[31m
            [36m>[31m
              [36m<path[31m
                [33md[31m=[32m"m6 14 1.5-2.9A2 2 0 0 1 9.24 10H20a2 2 0 0 1 1.94 2.5l-1.54 6a2 2 0 0 1-1.95 1.5H4a2 2 0 0 1-2-2V5a2 2 0 0 1 2-2h3.9a2 2 0 0 1 1.69.9l.81 1.2a2 2 0 0 0 1.67.9H18a2 2 0 0 1 2 2v2"[31m
              [36m/>[31m
            [36m</svg>[31m
            [0mide.openFolder[0m
          [36m</button>[31m
          [36m<button[31m
            [33mclass[31m=[32m"flex items-center gap-1.5 text-xs text-muted-foreground hover:text-foreground transition-colors"[31m
            [33mtitle[31m=[32m"ide.toggleChatShortcut"[31m
          [36m>[31m
            [36m<svg[31m
              [33maria-hidden[31m=[32m"true"[31m
              [33mclass[31m=[32m"lucide lucide-message-square w-4 h-4"[31m
              [33mfill[31m=[32m"none"[31m
              [33mheight[31m=[32m"24"[31m
              [33mstroke[31m=[32m"currentColor"[31m
              [33mstroke-linecap[31m=[32m"round"[31m
              [33mstroke-linejoin[31m=[32m"round"[31m
              [33mstroke-width[31m=[32m"2"[31m
              [33mviewBox[31m=[32m"0 0 24 24"[31m
              [33mwidth[31m=[32m"24"[31m
              [33mxmlns[31m=[32m"http://www.w3.org/2000/svg"[31m
            [36m>[31m
              [36m<path[31m
                [33md[31m=[32m"M22 17a2 2 0 0 1-2 2H6.828a2 2 0 0 0-1.414.586l-2.202 2.202A.71.71 0 0 1 2 21.286V5a2 2 0 0 1 2-2h16a2 2 0 0 1 2 2z"[31m
              [36m/>[31m
            [36m</svg>[31m
            [0mide.hideChat[0m
          [36m</button>[31m
          [36m<span[31m
            [33mclass[31m=[32m"text-xs text-muted-foreground"[31m
          [36m>[31m
            [0malpha-v0.1[0m
          [36m</span>[31m
        [36m</div>[31m
      [36m</header>[31m
      [36m<div[31m
        [33mclass[31m=[32m"flex h-full w-full data-[panel-group-direction=vertical]:flex-col flex-1"[31m
        [33mdata-panel-group[31m=[32m""[31m
        [33mdata-panel-group-direction[31m=[32m"horizontal"[31m
        [33mdata-panel-group-id[31m=[32m"_r_34_"[31m
        [33mdata-slot[31m=[32m"resizable-panel-group"[31m
        [33mstyle[31m=[32m"display: flex; flex-direction: row; height: 100%; overflow: hidden; width: 100%;"[31m
      [36m>[31m
        [36m<div[31m
          [33mclass[31m=[32m"bg-background"[31m
          [33mdata-panel[31m=[32m""[31m
          [33mdata-panel-group-id[31m=[32m"_r_34_"[31m
          [33mdata-panel-id[31m=[32m"_r_35_"[31m
          [33mdata-panel-size[31m=[32m"20.0"[31m
          [33mdata-slot[31m=[32m"resizable-panel"[31m
          [33mid[31m=[32m"_r_35_"[31m
          [33mstyle[31m=[32m"flex: 20 1 0px; overflow: hidden;"[31m
        [36m>[31m
          [36m<div[31m
            [33mclass[31m=[32m"text-card-foreground flex flex-col gap-6 py-6 shadow-sm h-full rounded-none border-0 border-r bg-background"[31m
            [33mdata-slot[31m=[32m"card"[31m
          [36m>[31m
            [36m<div[31m
              [33mclass[31m=[32m"@container/card-header grid auto-rows-min grid-rows-[auto_auto] items-start gap-2 has-data-[slot=card-action]:grid-cols-[1fr_auto] [.border-b]:pb-6 h-9 px-4 py-2 border-b bg-card"[31m
              [33mdata-slot[31m=[32m"card-header"[31m
            [36m>[31m
              [36m<div[31m
                [33mclass[31m=[32m"text-xs font-semibold tracking-wider text-muted-foreground uppercase"[31m
                [33mdata-slot[31m=[32m"card-title"[31m
              [36m>[31m
                [0mExplorer[0m
              [36m</div>[31m
            [36m</div>[31m
            [36m<div[31m
              [33mclass[31m=[32m"p-0 flex-1 min-h-0"[31m
              [33mdata-slot[31m=[32m"card-content"[31m
            [36m>[31m
              [36m<div[31m
                [33mdata-testid[31m=[32m"file-tree"[31m
              [36m>[31m
                [0mFile Tree[0m
              [36m</div>[31m
            [36m</div>[31m
          [36m</div>[31m
        [36m</div>[31m
        [36m<div[31m
          [33maria-orientation[31m=[32m"vertical"[31m
          [33maria-valuemax[31m=[32m"100"[31m
          [33maria-valuemin[31m=[32m"0"[31m
          [33maria-valuenow[31m=[32m"50"[31m
          [33mclass[31m=[32m"focus-visible:ring-ring relative flex items-center justify-center after:absolute after:inset-y-0 after:left-1/2 after:w-1 after:-translate-x-1/2 focus-visible:ring-1 focus-visible:ring-offset-1 focus-visible:outline-hidden data-[panel-group-direction=vertical]:h-px data-[panel-group-direction=vertical]:w-full data-[panel-group-direction=vertical]:after:lef...[39m
   [32mΓ£ô[39m IDELayout - Migrated to ShadcnUI[2m > [22mshould show minimum viewport warning on small screens[32m 91[2mms[22m[39m
   [32mΓ£ô[39m IDELayout - Migrated to ShadcnUI[2m > [22mshould handle keyboard shortcut for chat toggle[32m 82[2mms[22m[39m
   [33m[2mΓ£ô[22m[39m IDELayout - Migrated to ShadcnUI[2m > [22maxe check: no accessibility violations for main layout [33m 739[2mms[22m[39m

[31mΓÄ»ΓÄ»ΓÄ»ΓÄ»ΓÄ»ΓÄ»ΓÄ»[3
9m[1m[41m Failed Tests 2 [
49m[22m[31mΓÄ»ΓÄ»ΓÄ»ΓÄ»ΓÄ»Γ
Ä»ΓÄ»[39m

[41m[1m FAIL [22m[49m src
/components/layout/__tests__/
IDELayout.test.tsx[2m > 
[22mIDELayout - Migrated to 
ShadcnUI[2m > [22mchat 
shell toggles and retains 
content
[31m[1mError[22m: [2mexpe
ct([22m[31melement[31m[2m
).not.toBeInTheDocument()[22
m

[31mexpected document not 
to contain element, found 
<div
  data-testid="chat-panel"
>
  Chat Panel
</div> instead[31m[39m
[36m [2mΓ¥»[22m src/compon
ents/layout/__tests__/IDELayo
ut.test.tsx:[2m147:52[22m[
39m
    [90m145| [39m    
[90m// Hide chat[39m
    [90m146| [39m    fireEv
ent.click(screen.getByRole('b
utton', { name: 
'ide.hideChat' ΓÇª
    [90m147| [39m    [34me
xpect[39m(screen[33m.[39m
[34mqueryByTestId[39m([32m'
chat-panel'[39m))[33m.[39m
not[33m.[39m[34mtoBeInTheD
ocument[39m()[33m;[39m
    [90m   | [39m          
                             
            [31m^[39m
    [90m148| [39m
    [90m149| [39m    
[90m// Show chat[39m

[31m[2mΓÄ»ΓÄ»ΓÄ»ΓÄ»ΓÄ»ΓÄ»ΓÄ
»ΓÄ»ΓÄ»ΓÄ»ΓÄ»ΓÄ»ΓÄ»ΓÄ»ΓÄ»ΓÄ»Γ
Ä»ΓÄ»ΓÄ»ΓÄ»ΓÄ»ΓÄ»ΓÄ»ΓÄ»[1/2]Γ
Ä»[22m[39m

[41m[1m FAIL [22m[49m src
/components/layout/__tests__/
IDELayout.test.tsx[2m > 
[22mIDELayout - Migrated to 
ShadcnUI[2m > [22mshould 
toggle chat panel visibility
[31m[1mTestingLibraryElemen
tError[22m[39m: Unable to 
find an accessible element 
with the role "button" and 
name "ide.showChat"

Here are the accessible 
roles:

  banner:

  Name "":
  [36m<header[39m
    
[33mclass[39m=[32m"h-10 
bg-card border-b 
border-border flex 
items-center px-4 
justify-between 
shrink-0"[39m
  [36m/>[39m

  ---------------------------
-----------------------
  button:

  Name "ide.openFolder":
  [36m<button[39m
    [33mclass[39m=[32m"tex
t-xs flex items-center gap-1 
transition-colors 
text-slate-300 
hover:text-white"[39m
    [33mtitle[39m=[32m"ide
.openFolder"[39m
    [33mtype[39m=[32m"butt
on"[39m
  [36m/>[39m

  Name "ide.hideChat":
  [36m<button[39m
    
[33mclass[39m=[32m"flex 
items-center gap-1.5 text-xs 
text-muted-foreground 
hover:text-foreground 
transition-colors"[39m
    [33mtitle[39m=[32m"ide
.toggleChatShortcut"[39m
  [36m/>[39m

  ---------------------------
-----------------------
  separator:

  Name "":
  [36m<div[39m
    [33maria-orientation[39
m=[32m"vertical"[39m
    [33maria-valuemax[39m=
[32m"100"[39m
    [33maria-valuemin[39m=
[32m"0"[39m
    [33maria-valuenow[39m=
[32m"50"[39m
    [33mclass[39m=[32m"foc
us-visible:ring-ring 
relative flex items-center 
justify-center 
after:absolute 
after:inset-y-0 
after:left-1/2 after:w-1 
after:-translate-x-1/2 
focus-visible:ring-1 
focus-visible:ring-offset-1 
focus-visible:outline-hidden 
data-[panel-group-direction=v
ertical]:h-px data-[panel-gro
up-direction=vertical]:w-full
 data-[panel-group-direction=
vertical]:after:left-0 data-[
panel-group-direction=vertica
l]:after:h-1 data-[panel-grou
p-direction=vertical]:after:w
-full data-[panel-group-direc
tion=vertical]:after:translat
e-x-0 data-[panel-group-direc
tion=vertical]:after:-transla
te-y-1/2 [&[data-panel-group-
direction=vertical]>div]:rota
te-90 w-2 bg-border 
hover:bg-accent 
transition-colors 
cursor-col-resize"[39m
    [33mdata-panel-group-dir
ection[39m=[32m"horizontal"
[39m
    [33mdata-panel-group-id
[39m=[32m"_r_34_"[39m
    [33mdata-panel-resize-ha
ndle-enabled[39m=[32m"true"
[39m
    [33mdata-panel-resize-ha
ndle-id[39m=[32m"_r_36_"[3
9m
    [33mdata-resize-handle[
39m=[32m""[39m
    [33mdata-resize-handle-s
tate[39m=[32m"inactive"[39
m
    [33mdata-slot[39m=[32m
"resizable-handle"[39m
    [33mrole[39m=[32m"sepa
rator"[39m
    [33mstyle[39m=[32m"use
r-select: none;"[39m
    [33mtabindex[39m=[32m"
0"[39m
  [36m/>[39m

  Name "":
  [36m<div[39m
    [33maria-orientation[39
m=[32m"vertical"[39m
    [33maria-valuemax[39m=
[32m"100"[39m
    [33maria-valuemin[39m=
[32m"0"[39m
    [33maria-valuenow[39m=
[32m"50"[39m
    [33mclass[39m=[32m"foc
us-visible:ring-ring 
relative flex items-center 
justify-center 
after:absolute 
after:inset-y-0 
after:left-1/2 after:w-1 
after:-translate-x-1/2 
focus-visible:ring-1 
focus-visible:ring-offset-1 
focus-visible:outline-hidden 
data-[panel-group-direction=v
ertical]:h-px data-[panel-gro
up-direction=vertical]:w-full
 data-[panel-group-direction=
vertical]:after:left-0 data-[
panel-group-direction=vertica
l]:after:h-1 data-[panel-grou
p-direction=vertical]:after:w
-full data-[panel-group-direc
tion=vertical]:after:translat
e-x-0 data-[panel-group-direc
tion=vertical]:after:-transla
te-y-1/2 [&[data-panel-group-
direction=vertical]>div]:rota
te-90 w-2 bg-border 
hover:bg-accent 
transition-colors 
cursor-col-resize"[39m
    [33mdata-panel-group-dir
ection[39m=[32m"horizontal"
[39m
    [33mdata-panel-group-id
[39m=[32m"_r_3a_"[39m
    [33mdata-panel-resize-ha
ndle-enabled[39m=[32m"true"
[39m
    [33mdata-panel-resize-ha
ndle-id[39m=[32m"_r_3c_"[3
9m
    [33mdata-resize-handle[
39m=[32m""[39m
    [33mdata-resize-handle-s
tate[39m=[32m"inactive"[39
m
    [33mdata-slot[39m=[32m
"resizable-handle"[39m
    [33mrole[39m=[32m"sepa
rator"[39m
    [33mstyle[39m=[32m"use
r-select: none;"[39m
    [33mtabindex[39m=[32m"
0"[39m
  [36m/>[39m

  Name "":
  [36m<div[39m
    [33maria-orientation[39
m=[32m"horizontal"[39m
    [33maria-valuemax[39m=
[32m"100"[39m
    [33maria-valuemin[39m=
[32m"0"[39m
    [33maria-valuenow[39m=
[32m"50"[39m
    [33mclass[39m=[32m"foc
us-visible:ring-ring 
relative flex w-px 
items-center justify-center 
after:absolute 
after:inset-y-0 
after:left-1/2 after:w-1 
after:-translate-x-1/2 
focus-visible:ring-1 
focus-visible:ring-offset-1 
focus-visible:outline-hidden 
data-[panel-group-direction=v
ertical]:h-px data-[panel-gro
up-direction=vertical]:w-full
 data-[panel-group-direction=
vertical]:after:left-0 data-[
panel-group-direction=vertica
l]:after:h-1 data-[panel-grou
p-direction=vertical]:after:w
-full data-[panel-group-direc
tion=vertical]:after:translat
e-x-0 data-[panel-group-direc
tion=vertical]:after:-transla
te-y-1/2 [&[data-panel-group-
direction=vertical]>div]:rota
te-90 h-2 bg-border 
hover:bg-accent 
transition-colors 
cursor-row-resize"[39m
    [33mdata-panel-group-dir
ection[39m=[32m"vertical"[
39m
    [33mdata-panel-group-id
[39m=[32m"_r_38_"[39m
    [33mdata-panel-resize-ha
ndle-enabled[39m=[32m"true"
[39m
    [33mdata-panel-resize-ha
ndle-id[39m=[32m"_r_3e_"[3
9m
    [33mdata-resize-handle[
39m=[32m""[39m
    [33mdata-resize-handle-s
tate[39m=[32m"inactive"[39
m
    [33mdata-slot[39m=[32m
"resizable-handle"[39m
    [33mrole[39m=[32m"sepa
rator"[39m
    [33mstyle[39m=[32m"use
r-select: none;"[39m
    [33mtabindex[39m=[32m"
0"[39m
  [36m/>[39m

  Name "":
  [36m<div[39m
    [33maria-orientation[39
m=[32m"horizontal"[39m
    [33maria-valuemax[39m=
[32m"100"[39m
    [33maria-valuemin[39m=
[32m"0"[39m
    [33maria-valuenow[39m=
[32m"50"[39m
    [33mclass[39m=[32m"foc
us-visible:ring-ring 
relative flex items-center 
justify-center 
after:absolute 
after:inset-y-0 
after:left-1/2 after:w-1 
after:-translate-x-1/2 
focus-visible:ring-1 
focus-visible:ring-offset-1 
focus-visible:outline-hidden 
data-[panel-group-direction=v
ertical]:h-px data-[panel-gro
up-direction=vertical]:w-full
 data-[panel-group-direction=
vertical]:after:left-0 data-[
panel-group-direction=vertica
l]:after:h-1 data-[panel-grou
p-direction=vertical]:after:w
-full data-[panel-group-direc
tion=vertical]:after:translat
e-x-0 data-[panel-group-direc
tion=vertical]:after:-transla
te-y-1/2 [&[data-panel-group-
direction=vertical]>div]:rota
te-90 w-2 bg-border 
hover:bg-accent 
transition-colors 
cursor-col-resize"[39m
    [33mdata-panel-group-dir
ection[39m=[32m"horizontal"
[39m
    [33mdata-panel-group-id
[39m=[32m"_r_34_"[39m
    [33mdata-panel-resize-ha
ndle-enabled[39m=[32m"true"
[39m
    [33mdata-panel-resize-ha
ndle-id[39m=[32m"_r_3i_"[3
9m
    [33mdata-resize-handle[
39m=[32m""[39m
    [33mdata-resize-handle-s
tate[39m=[32m"inactive"[39
m
    [33mdata-slot[39m=[32m
"resizable-handle"[39m
    [33mrole[39m=[32m"sepa
rator"[39m
    [33mstyle[39m=[32m"use
r-select: none;"[39m
    [33mtabindex[39m=[32m"
0"[39m
  [36m/>[39m

  ---------------------------
-----------------------
  heading:

  Name "Screen Too Small":
  [36m<h2[39m
    [33mclass[39m=[32m"tex
t-xl font-semibold 
text-foreground mb-2"[39m
  [36m/>[39m

  ---------------------------
-----------------------
  paragraph:

  Name "":
  [36m<p[39m
    [33mclass[39m=[32m"tex
t-muted-foreground 
text-sm"[39m
  [36m/>[39m

  ---------------------------
-----------------------

Ignored nodes: comments, 
script, style
[36m<body>[39m
  [36m<iframe[39m
    [33mallow[39m=[32m"cro
ss-origin-isolated"[39m
    [33msrc[39m=[32m"https
://stackblitz.com/headless?co
ep=require-corp&version=1.6.1
"[39m
    [33mstyle[39m=[32m"dis
play: none;"[39m
  [36m/>[39m
  [36m<div>[39m
    [36m<div[39m
      [33mclass[39m=[32m"h
-screen w-screen 
bg-background 
text-foreground 
overflow-hidden flex 
flex-col"[39m
    [36m>[39m
      [36m<header[39m
        
[33mclass[39m=[32m"h-10 
bg-card border-b 
border-border flex 
items-center px-4 
justify-between 
shrink-0"[39m
      [36m>[39m
        [36m<div[39m
          
[33mclass[39m=[32m"flex 
items-center gap-3"[39m
        [36m>[39m
          [36m<span[39m
            [33mclass[39m=
[32m"text-primary font-bold 
tracking-tight"[39m
          [36m>[39m
            [0mvia-gent[0m
          [36m</span>[39m
          [36m<span[39m
            [33mclass[39m=
[32m"text-muted-foreground"[
39m
          [36m>[39m
            [0m/[0m
          [36m</span>[39m
          [36m<span[39m
            [33mclass[39m=
[32m"font-medium 
text-foreground"[39m
          [36m>[39m
            
[0mtest-project[0m
          [36m</span>[39m
        [36m</div>[39m
        [36m<div[39m
          
[33mclass[39m=[32m"flex 
items-center gap-4"[39m
        [36m>[39m

[2m Test Files [22m [1m[31m1 failed[39m[22m[2m | [22m[1m[32m25 passed[39m[22m[2m | [22m[33m1 skipped[39m[90m (27)[39m
[2m      Tests [22m [1m[31m2 failed[39m[22m[2m | [22m[1m[32m246 passed[39m[22m[2m | [22m[33m3 skipped[39m[90m (251)[39m
[2m   Start at [22m 23:39:04
[2m   Duration [22m 19.11s[2m (transform 4.87s, setup 31.01s, collect 19.55s, tests 8.79s, environment 70.02s, prepare 19.08s)[22m

          [36m<button[39m
            [33mclass[39m=
[32m"text-xs flex 
items-center gap-1 
transition-colors 
text-slate-300 
hover:text-white"[39m
            [33mtitle[39m=
[32m"ide.openFolder"[39m
            [33mtype[39m=[
32m"button"[39m
          [36m>[39m
            [36m<svg[39m
              [33maria-hidde
n[39m=[32m"true"[39m
              
[33mclass[39m=[32m"lucide 
lucide-folder-open w-4 
h-4"[39m
              [33mfill[39m=
[32m"none"[39m
              [33mheight[39
m=[32m"24"[39m
              [33mstroke[39
m=[32m"currentColor"[39m
              [33mstroke-lin
ecap[39m=[32m"round"[39m
              [33mstroke-lin
ejoin[39m=[32m"round"[39m
              [33mstroke-wid
th[39m=[32m"2"[39m
              
[33mviewBox[39m=[32m"0 0 
24 24"[39m
              [33mwidth[39m
=[32m"24"[39m
              [33mxmlns[39m
=[32m"http://www.w3.org/2000
/svg"[39m
            [36m>[39m
              [36m<path[39m
                
[33md[39m=[32m"m6 14 
1.5-2.9A2 2 0 0 1 9.24 
10H20a2 2 0 0 1 1.94 
2.5l-1.54 6a2 2 0 0 1-1.95 
1.5H4a2 2 0 0 1-2-2V5a2 2 0 
0 1 2-2h3.9a2 2 0 0 1 
1.69.9l.81 1.2a2 2 0 0 0 
1.67.9H18a2 2 0 0 1 2 
2v2"[39m
              [36m/>[39m
            [36m</svg>[39m
            
[0mide.openFolder[0m
          [36m</button>[39m
          [36m<button[39m
            
[33mclass[39m=[32m"flex 
items-center gap-1.5 text-xs 
text-muted-foreground 
hover:text-foreground 
transition-colors"[39m
            [33mtitle[39m=
[32m"ide.toggleChatShortcut"
[39m
          [36m>[39m
            [36m<svg[39m
              [33maria-hidde
n[39m=[32m"true"[39m
              
[33mclass[39m=[32m"lucide 
lucide-message-square w-4 
h-4"[39m
              [33mfill[39m=
[32m"none"[39m
              [33mheight[39
m=[32m"24"[39m
              [33mstroke[39
m=[32m"currentColor"[39m
              [33mstroke-lin
ecap[39m=[32m"round"[39m
              [33mstroke-lin
ejoin[39m=[32m"round"[39m
              [33mstroke-wid
th[39m=[32m"2"[39m
              
[33mviewBox[39m=[32m"0 0 
24 24"[39m
              [33mwidth[39m
=[32m"24"[39m
              [33mxmlns[39m
=[32m"http://www.w3.org/2000
/svg"[39m
            [36m>[39m
              [36m<path[39m
                
[33md[39m=[32m"M22 17a2 2 
0 0 1-2 2H6.828a2 2 0 0 
0-1.414.586l-2.202 
2.202A.71.71 0 0 1 2 
21.286V5a2 2 0 0 1 2-2h16a2 
2 0 0 1 2 2z"[39m
              [36m/>[39m
            [36m</svg>[39m
            
[0mide.hideChat[0m
          [36m</button>[39m
          [36m<span[39m
            [33mclass[39m=
[32m"text-xs 
text-muted-foreground"[39m
          [36m>[39m
            
[0malpha-v0.1[0m
          [36m</span>[39m
        [36m</div>[39m
      [36m</header>[39m
      [36m<div[39m
        
[33mclass[39m=[32m"flex 
h-full w-full data-[panel-gro
up-direction=vertical]:flex-c
ol flex-1"[39m
        [33mdata-panel-group
[39m=[32m""[39m
        [33mdata-panel-group
-direction[39m=[32m"horizon
tal"[39m
        [33mdata-panel-group
-id[39m=[32m"_r_34_"[39m
        [33mdata-slot[39m=
[32m"resizable-panel-group"[
39m
        [33mstyle[39m=[32m
"display: flex; 
flex-direction: row; height: 
100%; overflow: hidden; 
width: 100%;"[39m
      [36m>[39m
        [36m<div[39m
          [33mclass[39m=[3
2m"bg-background"[39m
          [33mdata-panel[39
m=[32m""[39m
          [33mdata-panel-gro
up-id[39m=[32m"_r_34_"[39m
          [33mdata-panel-id
[39m=[32m"_r_35_"[39m
          [33mdata-panel-siz
e[39m=[32m"20.0"[39m
          [33mdata-slot[39m
=[32m"resizable-panel"[39m
          [33mid[39m=[32m"
_r_35_"[39m
          
[33mstyle[39m=[32m"flex: 
20 1 0px; overflow: 
hidden;"[39m
        [36m>[39m
          [36m<div[39m
            [33mclass[39m=
[32m"text-card-foreground 
flex flex-col gap-6 py-6 
shadow-sm h-full 
rounded-none border-0 
border-r bg-background"[39m
            [33mdata-slot[3
9m=[32m"card"[39m
          [36m>[39m
            [36m<div[39m
              [33mclass[39m
=[32m"@container/card-header
 grid auto-rows-min 
grid-rows-[auto_auto] 
items-start gap-2 has-data-[s
lot=card-action]:grid-cols-[1
fr_auto] [.border-b]:pb-6 
h-9 px-4 py-2 border-b 
bg-card"[39m
              [33mdata-slot
[39m=[32m"card-header"[39m
            [36m>[39m
              [36m<div[39m
                [33mclass[3
9m=[32m"text-xs 
font-semibold tracking-wider 
text-muted-foreground 
uppercase"[39m
                [33mdata-slo
t[39m=[32m"card-title"[39m
              [36m>[39m
                
[0mExplorer[0m
              
[36m</div>[39m
            [36m</div>[39m
            [36m<div[39m
              
[33mclass[39m=[32m"p-0 
flex-1 min-h-0"[39m
              [33mdata-slot
[39m=[32m"card-content"[39m
            [36m>[39m
              [36m<div[39m
                [33mdata-tes
tid[39m=[32m"file-tree"[39
m
              [36m>[39m
                [0mFile 
Tree[0m
              
[36m</div>[39m
            [36m</div>[39m
          [36m</div>[39m
        [36m</div>[39m
        [36m<div[39m
          [33maria-orientati
on[39m=[32m"vertical"[39m
          [33maria-valuemax
[39m=[32m"100"[39m
          [33maria-valuemin
[39m=[32m"0"[39m
          [33maria-valuenow
[39m=[32m"50"[39m
          [33mclass[39m=[3
2m"focus-visible:ring-ring 
relative flex items-center 
justify-center 
after:absolute 
after:inset-y-0 
after:left-1/2 after:w-1 
after:-translate-x-1/2 
focus-visible:ring-1 
focus-visible:ring-offset-1 
focus-visible:outline-hidden 
data-[panel-group-direction=v
ertical]:h-px data-[panel-gro
up-direction=vertical]:w-full
 data-[panel-group-direction=
vertical]:after:lef...
[90m [2mΓ¥»[22m 
Object.getElementError node_m
odules/.pnpm/@testing-library
+dom@10.4.1/node_modules/@tes
ting-library/dom/dist/config.
js:[2m37:19[22m[39m
[90m [2mΓ¥»[22m node_modul
es/.pnpm/@testing-library+dom
@10.4.1/node_modules/@testing
-library/dom/dist/query-helpe
rs.js:[2m76:38[22m[39m
[90m [2mΓ¥»[22m node_modul
es/.pnpm/@testing-library+dom
@10.4.1/node_modules/@testing
-library/dom/dist/query-helpe
rs.js:[2m52:17[22m[39m
[90m [2mΓ¥»[22m node_modul
es/.pnpm/@testing-library+dom
@10.4.1/node_modules/@testing
-library/dom/dist/query-helpe
rs.js:[2m95:19[22m[39m
[36m [2mΓ¥»[22m src/compon
ents/layout/__tests__/IDELayo
ut.test.tsx:[2m214:19[22m[
39m
    [90m212| [39m    fireEv
ent[33m.[39m[34mclick[39m
(chatToggle)[33m;[39m
    [90m213| [39m    // 
After clicking, the button 
should show "show chat" 
translation ΓÇª
    [90m214| [39m    expect
(screen.getByRole('button', 
{ name: 'ide.showChat' 
})).toBeIΓÇª
    [90m   | [39m          
        [31m^[39m
    [90m215| [39m
    [90m216| [39m    
[90m// Click to show chat 
again[39m

[31m[2mΓÄ»ΓÄ»ΓÄ»ΓÄ»ΓÄ»ΓÄ»ΓÄ
»ΓÄ»ΓÄ»ΓÄ»ΓÄ»ΓÄ»ΓÄ»ΓÄ»ΓÄ»ΓÄ»Γ
Ä»ΓÄ»ΓÄ»ΓÄ»ΓÄ»ΓÄ»ΓÄ»ΓÄ»[2/2]Γ
Ä»[22m[39m

ΓÇëELIFECYCLEΓÇë Test failed. See above for more details.
